
C:\Users\Acer>cd..

C:\Users>cd..

C:\>cd
C:\

C:\>cd repo
O sistema n達o pode encontrar o caminho especificado.

C:\>cd repo

C:\repo>cd instalacao-ex
O sistema n達o pode encontrar o caminho especificado.

C:\repo>cd instalacao-ex
O sistema n達o pode encontrar o caminho especificado.

C:\repo>cd instalacao

C:\repo\instalacao>cd..

C:\repo>cd instalacao-ex
O sistema n達o pode encontrar o caminho especificado.

C:\repo>cd instalacao

C:\repo\instalacao>cd ex

C:\repo\instalacao\ex>cd li

C:\repo\instalacao\ex\LI>cd..

C:\repo\instalacao\ex>git init
Initialized empty Git repository in C:/repo/instalacao/ex/.git/

C:\repo\instalacao\ex>git status
On branch master

No commits yet

Untracked files:
  (use "git add <file>..." to include in what will be committed)
        LI/

nothing added to commit but untracked files present (use "git add" to track)

C:\repo\instalacao\ex>git status
On branch master

No commits yet

Untracked files:
  (use "git add <file>..." to include in what will be committed)
        LI/
        codigo.txt.txt

nothing added to commit but untracked files present (use "git add" to track)

C:\repo\instalacao\ex>git add .

C:\repo\instalacao\ex>git status
On branch master

No commits yet

Changes to be committed:
  (use "git rm --cached <file>..." to unstage)
        new file:   LI/codigo.txt.txt
        new file:   codigo.txt.txt


C:\repo\instalacao\ex>git commit -m "adicao do codigo"
Author identity unknown

*** Please tell me who you are.

Run

  git config --global user.email "you@example.com"
  git config --global user.name "Your Name"

to set your account's default identity.
Omit --global to set the identity only in this repository.

fatal: unable to auto-detect email address (got 'Acer@DESKTOP-SRHNL00.(none)')

C:\repo\instalacao\ex>git status
On branch master

No commits yet

Changes to be committed:
  (use "git rm --cached <file>..." to unstage)
        new file:   LI/codigo.txt.txt
        new file:   codigo.txt.txt


C:\repo\instalacao\ex>